../Core/Src/main.c:73:9:read_adc	8	static
../Core/Src/main.c:80:6:HAL_GPIO_EXTI_Callback	24	static
../Core/Src/main.c:100:9:read_IMU	8	static
../Core/Src/main.c:123:6:drive_controller	16	static
../Core/Src/main.c:151:5:main	16	static
../Core/Src/main.c:211:6:SystemClock_Config	96	static
../Core/Src/main.c:256:13:MX_ADC1_Init	32	static
../Core/Src/main.c:314:13:MX_I2C1_Init	8	static
../Core/Src/main.c:362:13:MX_LPUART1_UART_Init	8	static
../Core/Src/main.c:410:13:MX_USART3_UART_Init	8	static
../Core/Src/main.c:458:13:MX_GPIO_Init	56	static
../Core/Src/main.c:533:6:HAL_UART_TxCpltCallback	16	static
../Core/Src/main.c:548:1:__io_putchar	16	static
../Core/Src/main.c:560:6:Error_Handler	4	static,ignoring_inline_asm
